// Jest Snapshot v1, https://goo.gl/fbAQLP

exports[`unit/Deposits #onERC721Received on successful transfer with staking data has gas cost 1`] = `4569930`;

exports[`unit/Deposits #transferDeposit has gas cost 1`] = `666950`;

exports[`unit/Deposits #withdrawToken works and has gas cost 1`] = `1218642`;
